2026-08-26T09:04:34.2988830Z Current runner version: '2.336.0'
2026-08-26T09:04:34.3021920Z ##[group]Runner Image Provisioner
2026-08-26T09:04:34.3023420Z Hosted Compute Agent
2026-08-26T09:04:34.3024400Z Version: 20260624.560
2026-08-26T09:04:34.3025470Z Commit: 925d229a51159bc391ae97e54a2dd1fe20af789d
2026-08-26T09:04:34.3026720Z Build Date: 2026-06-24T18:26:47Z
2026-08-26T09:04:34.3027880Z Worker ID: {94d38b82-cff9-46f2-80f2-68cf8aab85ad}
2026-08-26T09:04:34.3029070Z Azure Region: westus
2026-08-26T09:04:34.3030030Z ##[endgroup]
2026-08-26T09:04:34.3032410Z ##[group]Operating System
2026-08-26T09:04:34.3033420Z macOS
2026-08-26T09:04:34.3034250Z 14.8.7
2026-08-26T09:04:34.3035050Z 23J520
2026-08-26T09:04:34.3035870Z ##[endgroup]
2026-08-26T09:04:34.3036790Z ##[group]Runner Image
2026-08-26T09:04:34.3037780Z Image: macos-14-arm64
2026-08-26T09:04:34.3038710Z Version: 20260629.0180.1
2026-08-26T09:04:34.3041190Z Included Software: https://github.com/actions/runner-images/blob/macos-14-arm64/20260629.0180/images/macos/macos-14-arm64-Readme.md
2026-08-26T09:04:34.3044210Z Image Release: https://github.com/actions/runner-images/releases/tag/macos-14-arm64%2F20260629.0180
2026-08-26T09:04:34.3045990Z ##[endgroup]
2026-08-26T09:04:34.3047930Z ##[group]GITHUB_TOKEN Permissions
2026-08-26T09:04:34.3051770Z Contents: write
2026-08-26T09:04:34.3052710Z Metadata: read
2026-08-26T09:04:34.3053640Z ##[endgroup]
2026-08-26T09:04:34.3057140Z Secret source: Actions
2026-08-26T09:04:34.3058810Z Prepare workflow directory
2026-08-26T09:04:34.3324870Z Prepare all required actions
2026-08-26T09:04:34.3361730Z Getting action download info
2026-08-26T09:04:34.6058100Z Download action repository 'actions/checkout@v4' (SHA:11d5960a326750d5838078e36cf38b85af677262)
2026-08-26T09:04:35.4621800Z Download action repository 'pnpm/action-setup@v4' (SHA:b906affcce14559ad1aafd4ab0e942779e9f58b1)
2026-08-26T09:04:36.2858950Z Download action repository 'actions/setup-node@v4' (SHA:49933ea5288caeca8642d1e84afbd3f7d6820020)
2026-08-26T09:04:36.3847150Z Download action repository 'actions/setup-go@v5' (SHA:40f1582b2485089dde7abd97c1529aa768e1baff)
2026-08-26T09:04:37.1288020Z Download action repository 'actions/upload-artifact@v4' (SHA:ea165f8d65b6e75b540449e92b4886f43607fa02)
2026-08-26T09:04:37.4182940Z Complete job name: Build macos-arm64
2026-08-26T09:04:37.5028800Z Node 20 is being deprecated. This workflow is running with Node 24 by default. If you need to temporarily use Node 20, you can set the ACTIONS_ALLOW_USE_UNSECURE_NODE_VERSION=true environment variable. For more information see: https://github.blog/changelog/2025-09-19-deprecation-of-node-20-on-github-actions-runners/
2026-08-26T09:04:37.5035410Z ##[group]Run actions/checkout@v4
2026-08-26T09:04:37.5035810Z with:
2026-08-26T09:04:37.5036070Z   repository: nabin-qq273274877/knowtree
2026-08-26T09:04:37.5039020Z   token: ***
2026-08-26T09:04:37.5039290Z   ssh-strict: true
2026-08-26T09:04:37.5039530Z   ssh-user: git
2026-08-26T09:04:37.5039780Z   persist-credentials: true
2026-08-26T09:04:37.5040050Z   clean: true
2026-08-26T09:04:37.5040360Z   sparse-checkout-cone-mode: true
2026-08-26T09:04:37.5040640Z   fetch-depth: 1
2026-08-26T09:04:37.5040910Z   fetch-tags: false
2026-08-26T09:04:37.5041160Z   show-progress: true
2026-08-26T09:04:37.5041410Z   lfs: false
2026-08-26T09:04:37.5041690Z   submodules: false
2026-08-26T09:04:37.5041940Z   set-safe-directory: true
2026-08-26T09:04:37.5042230Z   allow-unsafe-pr-checkout: false
2026-08-26T09:04:37.5043320Z ##[endgroup]
2026-08-26T09:04:37.7447440Z Syncing repository: nabin-qq273274877/knowtree
2026-08-26T09:04:37.7448850Z ##[group]Getting Git version info
2026-08-26T09:04:37.7450000Z Working directory is '/Users/runner/work/knowtree/knowtree'
2026-08-26T09:04:37.7450950Z [command]/opt/homebrew/bin/git version
2026-08-26T09:04:37.7793070Z git version 2.54.0
2026-08-26T09:04:37.7819430Z ##[endgroup]
2026-08-26T09:04:37.7840200Z Copying '/Users/runner/.gitconfig' to '/Users/runner/work/_temp/18917302-4764-409d-b4fd-5456c42843da/.gitconfig'
2026-08-26T09:04:37.7850930Z Temporarily overriding HOME='/Users/runner/work/_temp/18917302-4764-409d-b4fd-5456c42843da' before making global git config changes
2026-08-26T09:04:37.7871370Z Adding repository directory to the temporary git global config as a safe directory
2026-08-26T09:04:37.7872580Z [command]/opt/homebrew/bin/git config --global --add safe.directory /Users/runner/work/knowtree/knowtree
2026-08-26T09:04:37.7984910Z Deleting the contents of '/Users/runner/work/knowtree/knowtree'
2026-08-26T09:04:37.7994230Z ##[group]Initializing the repository
2026-08-26T09:04:37.8002900Z [command]/opt/homebrew/bin/git init /Users/runner/work/knowtree/knowtree
2026-08-26T09:04:37.8282620Z hint: Using 'master' as the name for the initial branch. This default branch name
2026-08-26T09:04:37.8287080Z hint: will change to "main" in Git 3.0. To configure the initial branch name
2026-08-26T09:04:37.8289040Z hint: to use in all of your new repositories, which will suppress this warning,
2026-08-26T09:04:37.8289590Z hint: call:
2026-08-26T09:04:37.8289960Z hint:
2026-08-26T09:04:37.8290330Z hint: 	git config --global init.defaultBranch <name>
2026-08-26T09:04:37.8290720Z hint:
2026-08-26T09:04:37.8291080Z hint: Names commonly chosen instead of 'master' are 'main', 'trunk' and
2026-08-26T09:04:37.8291660Z hint: 'development'. The just-created branch can be renamed via this command:
2026-08-26T09:04:37.8292170Z hint:
2026-08-26T09:04:37.8292420Z hint: 	git branch -m <name>
2026-08-26T09:04:37.8292690Z hint:
2026-08-26T09:04:37.8293060Z hint: Disable this message with "git config set advice.defaultBranchName false"
2026-08-26T09:04:37.8293690Z Initialized empty Git repository in /Users/runner/work/knowtree/knowtree/.git/
2026-08-26T09:04:37.8295120Z [command]/opt/homebrew/bin/git remote add origin https://github.com/nabin-qq273274877/knowtree
2026-08-26T09:04:37.8382100Z ##[endgroup]
2026-08-26T09:04:37.8382700Z ##[group]Disabling automatic garbage collection
2026-08-26T09:04:37.8385300Z [command]/opt/homebrew/bin/git config --local gc.auto 0
2026-08-26T09:04:37.8495590Z ##[endgroup]
2026-08-26T09:04:37.8496630Z ##[group]Setting up auth
2026-08-26T09:04:37.8497380Z [command]/opt/homebrew/bin/git config --local --name-only --get-regexp core\.sshCommand
2026-08-26T09:04:37.8574150Z [command]/opt/homebrew/bin/git submodule foreach --recursive sh -c "git config --local --name-only --get-regexp 'core\.sshCommand' && git config --local --unset-all 'core.sshCommand' || :"
2026-08-26T09:04:37.9615200Z [command]/opt/homebrew/bin/git config --local --name-only --get-regexp http\.https\:\/\/github\.com\/\.extraheader
2026-08-26T09:04:37.9687480Z [command]/opt/homebrew/bin/git submodule foreach --recursive sh -c "git config --local --name-only --get-regexp 'http\.https\:\/\/github\.com\/\.extraheader' && git config --local --unset-all 'http.https://github.com/.extraheader' || :"
2026-08-26T09:04:38.0389340Z [command]/opt/homebrew/bin/git config --local --name-only --get-regexp ^includeIf\.gitdir:
2026-08-26T09:04:38.0440130Z [command]/opt/homebrew/bin/git submodule foreach --recursive git config --local --show-origin --name-only --get-regexp remote.origin.url
2026-08-26T09:04:38.1526950Z [command]/opt/homebrew/bin/git config --local http.https://github.com/.extraheader AUTHORIZATION: basic ***
2026-08-26T09:04:38.1557380Z ##[endgroup]
2026-08-26T09:04:38.1559530Z ##[group]Fetching the repository
2026-08-26T09:04:38.1569810Z [command]/opt/homebrew/bin/git -c protocol.version=2 fetch --no-tags --prune --no-recurse-submodules --depth=1 origin +7cf0a3270e3636578ed30c73fe2e9b9ed782d579:refs/tags/v0.1.0
2026-08-26T09:04:38.7238260Z From https://github.com/nabin-qq273274877/knowtree
2026-08-26T09:04:38.7238790Z  * [new ref]         7cf0a3270e3636578ed30c73fe2e9b9ed782d579 -> v0.1.0
2026-08-26T09:04:38.7305610Z ##[endgroup]
2026-08-26T09:04:38.7306030Z ##[group]Determining the checkout info
2026-08-26T09:04:38.7307890Z ##[endgroup]
2026-08-26T09:04:38.7313210Z [command]/opt/homebrew/bin/git sparse-checkout disable
2026-08-26T09:04:38.7383210Z [command]/opt/homebrew/bin/git config --local --unset-all extensions.worktreeConfig
2026-08-26T09:04:38.7435660Z ##[group]Checking out the ref
2026-08-26T09:04:38.7440840Z [command]/opt/homebrew/bin/git checkout --progress --force refs/tags/v0.1.0
2026-08-26T09:04:38.7857700Z HEAD is now at 7cf0a32 chore: 添加 MIT 开源协议及 README 徽章
2026-08-26T09:04:38.7888880Z ##[endgroup]
2026-08-26T09:04:38.7971610Z [command]/opt/homebrew/bin/git log -1 --format=%H
2026-08-26T09:04:38.8023030Z 7cf0a3270e3636578ed30c73fe2e9b9ed782d579
2026-08-26T09:04:38.8199230Z Node 20 is being deprecated. This workflow is running with Node 24 by default. If you need to temporarily use Node 20, you can set the ACTIONS_ALLOW_USE_UNSECURE_NODE_VERSION=true environment variable. For more information see: https://github.blog/changelog/2025-09-19-deprecation-of-node-20-on-github-actions-runners/
2026-08-26T09:04:38.8200830Z ##[group]Run pnpm/action-setup@v4
2026-08-26T09:04:38.8201030Z with:
2026-08-26T09:04:38.8201170Z   version: 9
2026-08-26T09:04:38.8201380Z   dest: ~/setup-pnpm
2026-08-26T09:04:38.8201560Z   run_install: null
2026-08-26T09:04:38.8201700Z   cache: false
2026-08-26T09:04:38.8201890Z   cache_dependency_path: pnpm-lock.yaml
2026-08-26T09:04:38.8202140Z   package_json_file: package.json
2026-08-26T09:04:38.8202350Z   standalone: false
2026-08-26T09:04:38.8202530Z ##[endgroup]
2026-08-26T09:04:39.3564150Z ##[group]Running self-installer...
2026-08-26T09:04:39.6939320Z (node:1328) [DEP0169] DeprecationWarning: `url.parse()` behavior is not standardized and prone to errors that have security implications. Use the WHATWG URL API instead. CVEs are not issued for `url.parse()` vulnerabilities.
2026-08-26T09:04:39.6941970Z (Use `node --trace-deprecation ...` to show where the warning was created)
2026-08-26T09:04:39.9504050Z Progress: resolved 1, reused 0, downloaded 0, added 0
2026-08-26T09:04:39.9617900Z Packages: +1
2026-08-26T09:04:39.9719530Z +
2026-08-26T09:04:40.6694600Z Progress: resolved 1, reused 0, downloaded 1, added 1, done
2026-08-26T09:04:40.7133850Z 
2026-08-26T09:04:40.7134300Z dependencies:
2026-08-26T09:04:40.7134740Z + pnpm 9.15.9 (11.24.0 is available)
2026-08-26T09:04:40.7136200Z 
2026-08-26T09:04:40.7236920Z Done in 1.2s
2026-08-26T09:04:40.7385960Z ##[endgroup]
2026-08-26T09:04:40.7402900Z Installation Completed!
2026-08-26T09:04:40.7548070Z Node 20 is being deprecated. This workflow is running with Node 24 by default. If you need to temporarily use Node 20, you can set the ACTIONS_ALLOW_USE_UNSECURE_NODE_VERSION=true environment variable. For more information see: https://github.blog/changelog/2025-09-19-deprecation-of-node-20-on-github-actions-runners/
2026-08-26T09:04:40.7549190Z ##[group]Run actions/setup-node@v4
2026-08-26T09:04:40.7549400Z with:
2026-08-26T09:04:40.7549560Z   node-version: 22
2026-08-26T09:04:40.7549720Z   always-auth: false
2026-08-26T09:04:40.7549890Z   check-latest: false
2026-08-26T09:04:40.7552010Z   token: ***
2026-08-26T09:04:40.7552170Z env:
2026-08-26T09:04:40.7552370Z   PNPM_HOME: /Users/runner/setup-pnpm/node_modules/.bin
2026-08-26T09:04:40.7552680Z ##[endgroup]
2026-08-26T09:04:40.9020220Z (node:1333) [DEP0040] DeprecationWarning: The `punycode` module is deprecated. Please use a userland alternative instead.
2026-08-26T09:04:40.9121900Z (Use `node --trace-deprecation ...` to show where the warning was created)
2026-08-26T09:04:40.9240970Z Found in cache @ /Users/runner/hostedtoolcache/node/22.23.1/arm64
2026-08-26T09:04:40.9242150Z ##[group]Environment details
2026-08-26T09:04:41.3300460Z node: v22.23.1
2026-08-26T09:04:41.3382250Z npm: 10.9.8
2026-08-26T09:04:41.3382830Z yarn: 1.22.22
2026-08-26T09:04:41.3383410Z ##[endgroup]
2026-08-26T09:04:41.3473450Z Node 20 is being deprecated. This workflow is running with Node 24 by default. If you need to temporarily use Node 20, you can set the ACTIONS_ALLOW_USE_UNSECURE_NODE_VERSION=true environment variable. For more information see: https://github.blog/changelog/2025-09-19-deprecation-of-node-20-on-github-actions-runners/
2026-08-26T09:04:41.3474520Z ##[group]Run actions/setup-go@v5
2026-08-26T09:04:41.3475020Z with:
2026-08-26T09:04:41.3475170Z   go-version: 1.24
2026-08-26T09:04:41.3475350Z   check-latest: false
2026-08-26T09:04:41.3477470Z   token: ***
2026-08-26T09:04:41.3477640Z   cache: true
2026-08-26T09:04:41.3477780Z env:
2026-08-26T09:04:41.3478000Z   PNPM_HOME: /Users/runner/setup-pnpm/node_modules/.bin
2026-08-26T09:04:41.3478260Z ##[endgroup]
2026-08-26T09:04:41.4818990Z Setup go version spec 1.24
2026-08-26T09:04:41.4956740Z (node:1351) [DEP0040] DeprecationWarning: The `punycode` module is deprecated. Please use a userland alternative instead.
2026-08-26T09:04:41.5060290Z (Use `node --trace-deprecation ...` to show where the warning was created)
2026-08-26T09:04:41.5172940Z Found in cache @ /Users/runner/hostedtoolcache/go/1.24.13/arm64
2026-08-26T09:04:41.5173380Z Added go to the path
2026-08-26T09:04:41.5173710Z Successfully set up Go version 1.24
2026-08-26T09:04:47.0821050Z go: downloading go1.25.7 (darwin/arm64)
2026-08-26T09:04:47.1253730Z [command]/Users/runner/hostedtoolcache/go/1.24.13/arm64/bin/go env GOMODCACHE
2026-08-26T09:04:47.1283180Z [command]/Users/runner/hostedtoolcache/go/1.24.13/arm64/bin/go env GOCACHE
2026-08-26T09:04:47.1386900Z /Users/runner/go/pkg/mod
2026-08-26T09:04:47.1397180Z /Users/runner/Library/Caches/go-build
2026-08-26T09:04:47.2975010Z Cache is not found
2026-08-26T09:04:47.2997960Z go version go1.25.7 darwin/arm64
2026-08-26T09:04:47.2998150Z 
2026-08-26T09:04:47.2998410Z ##[group]go env
2026-08-26T09:04:48.5053900Z AR='ar'
2026-08-26T09:04:48.5054720Z CC='clang'
2026-08-26T09:04:48.5055100Z CGO_CFLAGS='-O2 -g'
2026-08-26T09:04:48.5055570Z CGO_CPPFLAGS=''
2026-08-26T09:04:48.5055900Z CGO_CXXFLAGS='-O2 -g'
2026-08-26T09:04:48.5056220Z CGO_ENABLED='1'
2026-08-26T09:04:48.5056540Z CGO_FFLAGS='-O2 -g'
2026-08-26T09:04:48.5056930Z CGO_LDFLAGS='-O2 -g'
2026-08-26T09:04:48.5057320Z CXX='clang++'
2026-08-26T09:04:48.5057580Z GCCGO='gccgo'
2026-08-26T09:04:48.5058080Z GO111MODULE=''
2026-08-26T09:04:48.5058390Z GOARCH='arm64'
2026-08-26T09:04:48.5058710Z GOARM64='v8.0'
2026-08-26T09:04:48.5059060Z GOAUTH='netrc'
2026-08-26T09:04:48.5059370Z GOBIN=''
2026-08-26T09:04:48.5059780Z GOCACHE='/Users/runner/Library/Caches/go-build'
2026-08-26T09:04:48.5060130Z GOCACHEPROG=''
2026-08-26T09:04:48.5060470Z GODEBUG=''
2026-08-26T09:04:48.5060930Z GOENV='/Users/runner/Library/Application Support/go/env'
2026-08-26T09:04:48.5061370Z GOEXE=''
2026-08-26T09:04:48.5061640Z GOEXPERIMENT=''
2026-08-26T09:04:48.5061980Z GOFIPS140='off'
2026-08-26T09:04:48.5062490Z GOFLAGS=''
2026-08-26T09:04:48.5063980Z GOGCCFLAGS='-fPIC -arch arm64 -pthread -fno-caret-diagnostics -Qunused-arguments -fmessage-length=0 -ffile-prefix-map=/var/folders/g3/pffjr_y96bq06blnkf72x_hw0000gn/T/go-build4139152658=/tmp/go-build -gno-record-gcc-switches -fno-common'
2026-08-26T09:04:48.5065050Z GOHOSTARCH='arm64'
2026-08-26T09:04:48.5065380Z GOHOSTOS='darwin'
2026-08-26T09:04:48.5065590Z GOINSECURE=''
2026-08-26T09:04:48.5065980Z GOMOD='/Users/runner/work/knowtree/knowtree/go.mod'
2026-08-26T09:04:48.5066410Z GOMODCACHE='/Users/runner/go/pkg/mod'
2026-08-26T09:04:48.5066730Z GONOPROXY=''
2026-08-26T09:04:48.5066920Z GONOSUMDB=''
2026-08-26T09:04:48.5067190Z GOOS='darwin'
2026-08-26T09:04:48.5067530Z GOPATH='/Users/runner/go'
2026-08-26T09:04:48.5067750Z GOPRIVATE=''
2026-08-26T09:04:48.5068120Z GOPROXY='https://proxy.golang.org,direct'
2026-08-26T09:04:48.5068700Z GOROOT='/Users/runner/go/pkg/mod/golang.org/toolchain@v0.0.1-go1.25.7.darwin-arm64'
2026-08-26T09:04:48.5069160Z GOSUMDB='sum.golang.org'
2026-08-26T09:04:48.5069410Z GOTELEMETRY='local'
2026-08-26T09:04:48.5070720Z GOTELEMETRYDIR='/Users/runner/Library/Application Support/go/telemetry'
2026-08-26T09:04:48.5071340Z GOTMPDIR=''
2026-08-26T09:04:48.5071650Z GOTOOLCHAIN='auto'
2026-08-26T09:04:48.5072380Z GOTOOLDIR='/Users/runner/go/pkg/mod/golang.org/toolchain@v0.0.1-go1.25.7.darwin-arm64/pkg/tool/darwin_arm64'
2026-08-26T09:04:48.5072960Z GOVCS=''
2026-08-26T09:04:48.5073290Z GOVERSION='go1.25.7'
2026-08-26T09:04:48.5073540Z GOWORK=''
2026-08-26T09:04:48.5078340Z PKG_CONFIG='pkg-config'
2026-08-26T09:04:48.5078910Z 
2026-08-26T09:04:48.5080540Z ##[endgroup]
2026-08-26T09:04:48.5172890Z ##[group]Run pnpm install --frozen-lockfile
2026-08-26T09:04:48.5173320Z [36;1mpnpm install --frozen-lockfile[0m
2026-08-26T09:04:48.5173590Z [36;1mpnpm build[0m
2026-08-26T09:04:48.5238800Z shell: /bin/bash -e {0}
2026-08-26T09:04:48.5239090Z env:
2026-08-26T09:04:48.5239340Z   PNPM_HOME: /Users/runner/setup-pnpm/node_modules/.bin
2026-08-26T09:04:48.5239730Z ##[endgroup]
2026-08-26T09:04:48.8827440Z Lockfile is up to date, resolution step is skipped
2026-08-26T09:04:48.9046730Z Progress: resolved 1, reused 0, downloaded 0, added 0
2026-08-26T09:04:48.9243830Z Packages: +168
2026-08-26T09:04:48.9248800Z ++++++++++++++++++++++++++++++++++++++++++++++++++++++++++++++++++++++++++++++++
2026-08-26T09:04:49.9085760Z Progress: resolved 168, reused 0, downloaded 48, added 36
2026-08-26T09:04:50.9078050Z Progress: resolved 168, reused 0, downloaded 70, added 55
2026-08-26T09:04:51.9121730Z Progress: resolved 168, reused 0, downloaded 129, added 114
2026-08-26T09:04:52.9125180Z Progress: resolved 168, reused 0, downloaded 143, added 129
2026-08-26T09:04:53.4794420Z Progress: resolved 168, reused 0, downloaded 168, added 168, done
2026-08-26T09:04:53.6580610Z .../esbuild@0.25.12/node_modules/esbuild postinstall$ node install.js
2026-08-26T09:04:53.6634810Z .../node_modules/vue-demi postinstall$ node -e "try{require('./scripts/postinstall.js')}catch(e){}"
2026-08-26T09:04:53.7950710Z .../esbuild@0.25.12/node_modules/esbuild postinstall: Done
2026-08-26T09:04:53.7984790Z .../node_modules/vue-demi postinstall: Done
2026-08-26T09:04:53.9023920Z 
2026-08-26T09:04:53.9124760Z dependencies:
2026-08-26T09:04:53.9139010Z + @element-plus/icons-vue 2.3.2
2026-08-26T09:04:53.9139530Z + @vue-flow/background 1.3.2
2026-08-26T09:04:53.9140370Z + @vue-flow/controls 1.1.3
2026-08-26T09:04:53.9151410Z + @vue-flow/core 1.48.2
2026-08-26T09:04:53.9151750Z + @vue-flow/minimap 1.5.4
2026-08-26T09:04:53.9153110Z + element-plus 2.14.5
2026-08-26T09:04:53.9154080Z + md-editor-v3 6.5.6
2026-08-26T09:04:53.9155080Z + pinia 2.3.1
2026-08-26T09:04:53.9156550Z + vue 3.5.41
2026-08-26T09:04:53.9156970Z + vue-router 4.6.4
2026-08-26T09:04:53.9157290Z 
2026-08-26T09:04:53.9157520Z devDependencies:
2026-08-26T09:04:53.9157890Z + @types/node 22.20.1
2026-08-26T09:04:53.9158330Z + @vitejs/plugin-vue 5.2.4
2026-08-26T09:04:53.9158860Z + typescript 5.7.3
2026-08-26T09:04:53.9159270Z + vite 6.4.3
2026-08-26T09:04:53.9159890Z + vue-tsc 2.2.12
2026-08-26T09:04:53.9160140Z 
2026-08-26T09:04:53.9177360Z Done in 5.3s using pnpm v9.15.9
2026-08-26T09:04:54.1994460Z 
2026-08-26T09:04:54.1997070Z > knowtree-frontend@0.1.0 build /Users/runner/work/knowtree/knowtree/frontend
2026-08-26T09:04:54.2048920Z > vue-tsc --noEmit && vite build
2026-08-26T09:04:54.2050990Z 
2026-08-26T09:04:58.3982210Z [36mvite v6.4.3 [32mbuilding for production...[36m[39m
2026-08-26T09:04:58.5634170Z transforming...
2026-08-26T09:05:05.7577830Z [32m✓[39m 3690 modules transformed.
2026-08-26T09:05:06.1924640Z rendering chunks...
2026-08-26T09:05:06.8086030Z computing gzip size...
2026-08-26T09:05:06.8845460Z [2mdist/[22m[32mindex.html                       [39m[1m[2m    0.40 kB[22m[1m[22m[2m │ gzip:   0.29 kB[22m
2026-08-26T09:05:06.8849710Z [2mdist/[22m[2massets/[22m[35mindex-7cOPWU5J.css        [39m[1m[2m  457.53 kB[22m[1m[22m[2m │ gzip:  66.65 kB[22m
2026-08-26T09:05:06.8851060Z [2mdist/[22m[2massets/[22m[36mdiff-DbItnlRl.js          [39m[1m[2m    0.31 kB[22m[1m[22m[2m │ gzip:   0.24 kB[22m
2026-08-26T09:05:06.8852310Z [2mdist/[22m[2massets/[22m[36mbrainfuck-C4LP7Hcl.js     [39m[1m[2m    0.61 kB[22m[1m[22m[2m │ gzip:   0.33 kB[22m
2026-08-26T09:05:06.8853620Z [2mdist/[22m[2massets/[22m[36mproperties-C78fOPTZ.js    [39m[1m[2m    0.67 kB[22m[1m[22m[2m │ gzip:   0.35 kB[22m
2026-08-26T09:05:06.8854860Z [2mdist/[22m[2massets/[22m[36mcmake-BQqOBYOt.js         [39m[1m[2m    0.78 kB[22m[1m[22m[2m │ gzip:   0.46 kB[22m
2026-08-26T09:05:06.8857680Z [2mdist/[22m[2massets/[22m[36masciiarmor-Df11BRmG.js    [39m[1m[2m    0.79 kB[22m[1m[22m[2m │ gzip:   0.41 kB[22m
2026-08-26T09:05:06.8858810Z [2mdist/[22m[2massets/[22m[36mhttp-DBlCnlav.js          [39m[1m[2m    0.85 kB[22m[1m[22m[2m │ gzip:   0.41 kB[22m
2026-08-26T09:05:06.8859950Z [33m
2026-08-26T09:05:06.8860960Z [2mdist/[22m[2massets/[22m[36mprotobuf-ChK-085T.js      [39m[1m[2m    0.86 kB[22m[1m[22m[2m │ gzip:   0.52 kB[22m
2026-08-26T09:05:06.8861920Z (!) Some chunks are larger than 500 kB after minification. Consider:
2026-08-26T09:05:06.8862990Z [2mdist/[22m[2massets/[22m[36msolr-DehyRSwq.js          [39m[1m[2m    0.87 kB[22m[1m[22m[2m │ gzip:   0.46 kB[22m
2026-08-26T09:05:06.8870590Z - Using dynamic import() to code-split the application
2026-08-26T09:05:06.8871860Z [2mdist/[22m[2massets/[22m[36mtroff-wAsdV37c.js         [39m[1m[2m    0.96 kB[22m[1m[22m[2m │ gzip:   0.44 kB[22m
2026-08-26T09:05:06.8887630Z - Use build.rollupOptions.output.manualChunks to improve chunking: https://rollupjs.org/configuration-options/#output-manualchunks
2026-08-26T09:05:06.8894080Z [2mdist/[22m[2massets/[22m[36mspreadsheet-BCZA_wO0.js   [39m[1m[2m    1.14 kB[22m[1m[22m[2m │ gzip:   0.54 kB[22m
2026-08-26T09:05:06.8895300Z - Adjust chunk size limit for this warning via build.chunkSizeWarningLimit.[39m
2026-08-26T09:05:06.8900400Z [2mdist/[22m[2massets/[22m[36mtoml-Bm5Em-hy.js          [39m[1m[2m    1.14 kB[22m[1m[22m[2m │ gzip:   0.54 kB[22m
2026-08-26T09:05:06.8902080Z [2mdist/[22m[2massets/[22m[36mmbox-CNhZ1qSd.js          [39m[1m[2m    1.40 kB[22m[1m[22m[2m │ gzip:   0.66 kB[22m
2026-08-26T09:05:06.8908040Z [2mdist/[22m[2massets/[22m[36msieve-C3Gn_uJK.js         [39m[1m[2m    1.62 kB[22m[1m[22m[2m │ gzip:   0.77 kB[22m
2026-08-26T09:05:06.8915780Z [2mdist/[22m[2massets/[22m[36mrpm-CTu-6PCP.js           [39m[1m[2m    1.62 kB[22m[1m[22m[2m │ gzip:   0.83 kB[22m
2026-08-26T09:05:06.8917920Z [2mdist/[22m[2massets/[22m[36mfactor-kuTfRLto.js        [39m[1m[2m    1.67 kB[22m[1m[22m[2m │ gzip:   0.61 kB[22m
2026-08-26T09:05:06.8919490Z [2mdist/[22m[2massets/[22m[36mz80-Hz9HOZM7.js           [39m[1m[2m    1.75 kB[22m[1m[22m[2m │ gzip:   0.81 kB[22m
2026-08-26T09:05:06.8922500Z [2mdist/[22m[2massets/[22m[36meiffel-CnydiIhH.js        [39m[1m[2m    1.81 kB[22m[1m[22m[2m │ gzip:   0.92 kB[22m
2026-08-26T09:05:06.8928150Z [2mdist/[22m[2massets/[22m[36melm-vLlmbW-K.js           [39m[1m[2m    1.89 kB[22m[1m[22m[2m │ gzip:   0.82 kB[22m
2026-08-26T09:05:06.8930680Z [2mdist/[22m[2massets/[22m[36mmathematica-DTrFuWx2.js   [39m[1m[2m    1.92 kB[22m[1m[22m[2m │ gzip:   0.82 kB[22m
2026-08-26T09:05:06.8935680Z [2mdist/[22m[2massets/[22m[36mdockerfile-BKs6k2Af.js    [39m[1m[2m    1.95 kB[22m[1m[22m[2m │ gzip:   0.67 kB[22m
2026-08-26T09:05:06.8964780Z [2mdist/[22m[2massets/[22m[36mturtle-B1tBg_DP.js        [39m[1m[2m    1.98 kB[22m[1m[22m[2m │ gzip:   0.90 kB[22m
2026-08-26T09:05:06.8967000Z [2mdist/[22m[2massets/[22m[36mebnf-CDyGwa7X.js          [39m[1m[2m    1.99 kB[22m[1m[22m[2m │ gzip:   0.81 kB[22m
2026-08-26T09:05:06.8968220Z [2mdist/[22m[2massets/[22m[36msmalltalk-CnHTOXQT.js     [39m[1m[2m    2.01 kB[22m[1m[22m[2m │ gzip:   0.85 kB[22m
2026-08-26T09:05:06.8970320Z [2mdist/[22m[2massets/[22m[36mdtd-DF_7sFjM.js           [39m[1m[2m    2.06 kB[22m[1m[22m[2m │ gzip:   0.87 kB[22m
2026-08-26T09:05:06.8972120Z [2mdist/[22m[2massets/[22m[36mmumps-BT43cFF4.js         [39m[1m[2m    2.07 kB[22m[1m[22m[2m │ gzip:   0.98 kB[22m
2026-08-26T09:05:06.8978950Z [2mdist/[22m[2massets/[22m[36mfcl-Kvtd6kyn.js           [39m[1m[2m    2.08 kB[22m[1m[22m[2m │ gzip:   0.95 kB[22m
2026-08-26T09:05:06.8980250Z [2mdist/[22m[2massets/[22m[36mntriples-BfvgReVJ.js      [39m[1m[2m    2.10 kB[22m[1m[22m[2m │ gzip:   0.75 kB[22m
2026-08-26T09:05:06.8982560Z [2mdist/[22m[2massets/[22m[36myacas-BJ4BC0dw.js         [39m[1m[2m    2.15 kB[22m[1m[22m[2m │ gzip:   1.09 kB[22m
2026-08-26T09:05:06.8983820Z [2mdist/[22m[2massets/[22m[36msimple-mode-GW_nhZxv.js   [39m[1m[2m    2.28 kB[22m[1m[22m[2m │ gzip:   1.09 kB[22m
2026-08-26T09:05:06.8986790Z [2mdist/[22m[2massets/[22m[36mapl-B4CMkyY2.js           [39m[1m[2m    2.30 kB[22m[1m[22m[2m │ gzip:   1.23 kB[22m
2026-08-26T09:05:06.8987970Z [2mdist/[22m[2massets/[22m[36mpascal--L3eBynH.js        [39m[1m[2m    2.30 kB[22m[1m[22m[2m │ gzip:   1.19 kB[22m
2026-08-26T09:05:06.8992300Z [2mdist/[22m[2massets/[22m[36moctave-Ck1zUtKM.js        [39m[1m[2m    2.31 kB[22m[1m[22m[2m │ gzip:   1.09 kB[22m
2026-08-26T09:05:06.9000920Z [2mdist/[22m[2massets/[22m[36mcommonlisp-DBKNyK5s.js    [39m[1m[2m    2.32 kB[22m[1m[22m[2m │ gzip:   1.10 kB[22m
2026-08-26T09:05:06.9005390Z [2mdist/[22m[2massets/[22m[36mtcl-DVfN8rqt.js           [39m[1m[2m    2.36 kB[22m[1m[22m[2m │ gzip:   1.23 kB[22m
2026-08-26T09:05:06.9010240Z [2mdist/[22m[2massets/[22m[36mindex-CQWvOkEL.js         [39m[1m[2m    2.39 kB[22m[1m[22m[2m │ gzip:   1.48 kB[22m
2026-08-26T09:05:06.9020000Z [2mdist/[22m[2massets/[22m[36mwebidl-ZXfAyPTL.js        [39m[1m[2m    2.52 kB[22m[1m[22m[2m │ gzip:   1.26 kB[22m
2026-08-26T09:05:06.9025210Z [2mdist/[22m[2massets/[22m[36mpig-CevX1Tat.js           [39m[1m[2m    2.53 kB[22m[1m[22m[2m │ gzip:   1.38 kB[22m
2026-08-26T09:05:06.9026840Z [2mdist/[22m[2massets/[22m[36mpuppet-DMA9R1ak.js        [39m[1m[2m    2.54 kB[22m[1m[22m[2m │ gzip:   1.20 kB[22m
2026-08-26T09:05:06.9028260Z [2mdist/[22m[2massets/[22m[36mforth-Ffai-XNe.js         [39m[1m[2m    2.54 kB[22m[1m[22m[2m │ gzip:   1.33 kB[22m
2026-08-26T09:05:06.9029700Z [2mdist/[22m[2massets/[22m[36mshell-CjFT_Tl9.js         [39m[1m[2m    2.57 kB[22m[1m[22m[2m │ gzip:   1.21 kB[22m
2026-08-26T09:05:06.9033860Z [2mdist/[22m[2massets/[22m[36mindex-C_jLDJ2p.js         [39m[1m[2m    2.60 kB[22m[1m[22m[2m │ gzip:   1.49 kB[22m
2026-08-26T09:05:06.9049010Z [2mdist/[22m[2massets/[22m[36mvelocity-D8B20fx6.js      [39m[1m[2m    2.67 kB[22m[1m[22m[2m │ gzip:   1.11 kB[22m
2026-08-26T09:05:06.9050260Z [2mdist/[22m[2massets/[22m[36mtiddlywiki-DO-Gjzrf.js    [39m[1m[2m    2.78 kB[22m[1m[22m[2m │ gzip:   1.07 kB[22m
2026-08-26T09:05:06.9051630Z [2mdist/[22m[2massets/[22m[36mmodelica-Dc1JOy9r.js      [39m[1m[2m    2.79 kB[22m[1m[22m[2m │ gzip:   1.29 kB[22m
2026-08-26T09:05:06.9053610Z [2mdist/[22m[2massets/[22m[36moz-BzwKVEFT.js            [39m[1m[2m    2.90 kB[22m[1m[22m[2m │ gzip:   1.28 kB[22m
2026-08-26T09:05:06.9054750Z [2mdist/[22m[2massets/[22m[36mr-B6wPVr8A.js             [39m[1m[2m    2.94 kB[22m[1m[22m[2m │ gzip:   1.36 kB[22m
2026-08-26T09:05:06.9056570Z [2mdist/[22m[2massets/[22m[36mstex-C3f8Ysf7.js          [39m[1m[2m    3.12 kB[22m[1m[22m[2m │ gzip:   1.20 kB[22m
2026-08-26T09:05:06.9057730Z [2mdist/[22m[2massets/[22m[36mtiki-DGYXhP31.js          [39m[1m[2m    3.25 kB[22m[1m[22m[2m │ gzip:   1.26 kB[22m
2026-08-26T09:05:06.9058930Z [2mdist/[22m[2massets/[22m[36mindex-Jn3KcapM.js         [39m[1m[2m    3.25 kB[22m[1m[22m[2m │ gzip:   1.66 kB[22m
2026-08-26T09:05:06.9060230Z [2mdist/[22m[2massets/[22m[36mvhdl-lSbBsy5d.js          [39m[1m[2m    3.35 kB[22m[1m[22m[2m │ gzip:   1.51 kB[22m
2026-08-26T09:05:06.9062310Z [2mdist/[22m[2massets/[22m[36mlua-VAEuO923.js           [39m[1m[2m    3.41 kB[22m[1m[22m[2m │ gzip:   1.43 kB[22m
2026-08-26T09:05:06.9063500Z [2mdist/[22m[2massets/[22m[36mmscgen-BA5vi2Kp.js        [39m[1m[2m    3.51 kB[22m[1m[22m[2m │ gzip:   0.98 kB[22m
2026-08-26T09:05:06.9064770Z [2mdist/[22m[2massets/[22m[36msparql-DkYu6x3z.js        [39m[1m[2m    3.55 kB[22m[1m[22m[2m │ gzip:   1.63 kB[22m
2026-08-26T09:05:06.9066470Z [2mdist/[22m[2massets/[22m[36mcypher-C_CwsFkJ.js        [39m[1m[2m    3.56 kB[22m[1m[22m[2m │ gzip:   1.52 kB[22m
2026-08-26T09:05:06.9067980Z [2mdist/[22m[2massets/[22m[36md-pRatUO7H.js             [39m[1m[2m    3.72 kB[22m[1m[22m[2m │ gzip:   1.68 kB[22m
2026-08-26T09:05:06.9069200Z [2mdist/[22m[2massets/[22m[36mcoffeescript-S37ZYGWr.js  [39m[1m[2m    3.87 kB[22m[1m[22m[2m │ gzip:   1.69 kB[22m
2026-08-26T09:05:06.9070690Z [2mdist/[22m[2massets/[22m[36mvb-CmGdzxic.js            [39m[1m[2m    3.90 kB[22m[1m[22m[2m │ gzip:   1.79 kB[22m
2026-08-26T09:05:06.9075780Z [2mdist/[22m[2massets/[22m[36mswift-BzpIVaGY.js         [39m[1m[2m    3.96 kB[22m[1m[22m[2m │ gzip:   1.79 kB[22m
2026-08-26T09:05:06.9077250Z [2mdist/[22m[2massets/[22m[36masn1-EdZsLKOL.js          [39m[1m[2m    3.98 kB[22m[1m[22m[2m │ gzip:   1.96 kB[22m
2026-08-26T09:05:06.9078430Z [2mdist/[22m[2massets/[22m[36mq-pXgVlZs6.js             [39m[1m[2m    4.03 kB[22m[1m[22m[2m │ gzip:   1.67 kB[22m
2026-08-26T09:05:06.9079410Z [2mdist/[22m[2massets/[22m[36mttcn-cfg-B9xdYoR4.js      [39m[1m[2m    4.05 kB[22m[1m[22m[2m │ gzip:   1.71 kB[22m
2026-08-26T09:05:06.9080640Z [2mdist/[22m[2massets/[22m[36mdylan-DwRh75JA.js         [39m[1m[2m    4.05 kB[22m[1m[22m[2m │ gzip:   1.65 kB[22m
2026-08-26T09:05:06.9081840Z [2mdist/[22m[2massets/[22m[36mlivescript-BwQOo05w.js    [39m[1m[2m    4.09 kB[22m[1m[22m[2m │ gzip:   1.64 kB[22m
2026-08-26T09:05:06.9086670Z [2mdist/[22m[2massets/[22m[36mgroovy-D9Dt4D0W.js        [39m[1m[2m    4.14 kB[22m[1m[22m[2m │ gzip:   1.77 kB[22m
2026-08-26T09:05:06.9087760Z [2mdist/[22m[2massets/[22m[36mhaskell-Cw1EW3IL.js       [39m[1m[2m    4.17 kB[22m[1m[22m[2m │ gzip:   1.89 kB[22m
2026-08-26T09:05:06.9089100Z [2mdist/[22m[2massets/[22m[36masterisk-B-8jnY81.js      [39m[1m[2m    4.48 kB[22m[1m[22m[2m │ gzip:   1.78 kB[22m
2026-08-26T09:05:06.9090350Z [2mdist/[22m[2massets/[22m[36mgas-Bneqetm1.js           [39m[1m[2m    4.57 kB[22m[1m[22m[2m │ gzip:   1.28 kB[22m
2026-08-26T09:05:06.9091490Z [2mdist/[22m[2massets/[22m[36mfortran-DYz_wnZ1.js       [39m[1m[2m    4.65 kB[22m[1m[22m[2m │ gzip:   2.01 kB[22m
2026-08-26T09:05:06.9092680Z [2mdist/[22m[2massets/[22m[36mmllike-CXdrOF99.js        [39m[1m[2m    4.79 kB[22m[1m[22m[2m │ gzip:   1.53 kB[22m
2026-08-26T09:05:06.9093710Z [2mdist/[22m[2massets/[22m[36mttcn-CfJYG6tj.js          [39m[1m[2m    4.80 kB[22m[1m[22m[2m │ gzip:   2.13 kB[22m
2026-08-26T09:05:06.9095850Z [2mdist/[22m[2massets/[22m[36mindex-DPlhAkEb.js         [39m[1m[2m    4.92 kB[22m[1m[22m[2m │ gzip:   2.34 kB[22m
2026-08-26T09:05:06.9097360Z [2mdist/[22m[2massets/[22m[36mecl-Cabwm37j.js           [39m[1m[2m    5.13 kB[22m[1m[22m[2m │ gzip:   2.31 kB[22m
2026-08-26T09:05:06.9109480Z [2mdist/[22m[2massets/[22m[36mcrystal-SjHAIU92.js       [39m[1m[2m    5.13 kB[22m[1m[22m[2m │ gzip:   2.07 kB[22m
2026-08-26T09:05:06.9110680Z [2mdist/[22m[2massets/[22m[36mruby-B2Rjki9n.js          [39m[1m[2m    5.16 kB[22m[1m[22m[2m │ gzip:   2.15 kB[22m
2026-08-26T09:05:06.9111810Z [2mdist/[22m[2massets/[22m[36mjulia-DuME0IfC.js         [39m[1m[2m    5.39 kB[22m[1m[22m[2m │ gzip:   2.14 kB[22m
2026-08-26T09:05:06.9112860Z [2mdist/[22m[2massets/[22m[36mvbscript-BuJXcnF6.js      [39m[1m[2m    5.82 kB[22m[1m[22m[2m │ gzip:   2.57 kB[22m
2026-08-26T09:05:06.9114120Z [2mdist/[22m[2massets/[22m[36mmirc-CjQqDB4T.js          [39m[1m[2m    5.92 kB[22m[1m[22m[2m │ gzip:   2.68 kB[22m
2026-08-26T09:05:06.9115300Z [2mdist/[22m[2massets/[22m[36mcobol-CWcv1MsR.js         [39m[1m[2m    6.20 kB[22m[1m[22m[2m │ gzip:   2.96 kB[22m
2026-08-26T09:05:06.9116190Z [2mdist/[22m[2massets/[22m[36mscheme-C41bIUwD.js        [39m[1m[2m    6.37 kB[22m[1m[22m[2m │ gzip:   2.39 kB[22m
2026-08-26T09:05:06.9117280Z [2mdist/[22m[2massets/[22m[36mpython-BuPzkPfP.js        [39m[1m[2m    6.48 kB[22m[1m[22m[2m │ gzip:   2.73 kB[22m
2026-08-26T09:05:06.9122250Z [2mdist/[22m[2massets/[22m[36mxquery-DzFWVndE.js        [39m[1m[2m    6.62 kB[22m[1m[22m[2m │ gzip:   2.56 kB[22m
2026-08-26T09:05:06.9123570Z [2mdist/[22m[2massets/[22m[36mpug-DeIclll2.js           [39m[1m[2m    6.67 kB[22m[1m[22m[2m │ gzip:   1.94 kB[22m
2026-08-26T09:05:06.9124650Z [2mdist/[22m[2massets/[22m[36mtextile-CnDTJFAw.js       [39m[1m[2m    6.80 kB[22m[1m[22m[2m │ gzip:   2.44 kB[22m
2026-08-26T09:05:06.9125970Z [2mdist/[22m[2massets/[22m[36mnsis-LdVXkNf5.js          [39m[1m[2m    6.81 kB[22m[1m[22m[2m │ gzip:   2.99 kB[22m
2026-08-26T09:05:06.9127220Z [2mdist/[22m[2massets/[22m[36mnginx-DdIZxoE0.js         [39m[1m[2m    7.34 kB[22m[1m[22m[2m │ gzip:   2.72 kB[22m
2026-08-26T09:05:06.9128480Z [2mdist/[22m[2massets/[22m[36mpowershell-CFHJl5sT.js    [39m[1m[2m    7.77 kB[22m[1m[22m[2m │ gzip:   3.33 kB[22m
2026-08-26T09:05:06.9130400Z [2mdist/[22m[2massets/[22m[36mhaxe-H-WmDvRZ.js          [39m[1m[2m    7.89 kB[22m[1m[22m[2m │ gzip:   2.95 kB[22m
2026-08-26T09:05:06.9131600Z [2mdist/[22m[2massets/[22m[36merlang-BNw1qcRV.js        [39m[1m[2m    8.10 kB[22m[1m[22m[2m │ gzip:   2.89 kB[22m
2026-08-26T09:05:06.9132740Z [2mdist/[22m[2massets/[22m[36mverilog-C6RDOZhf.js       [39m[1m[2m    8.24 kB[22m[1m[22m[2m │ gzip:   3.52 kB[22m
2026-08-26T09:05:06.9133770Z [2mdist/[22m[2massets/[22m[36msas-B4kiWyti.js           [39m[1m[2m    9.33 kB[22m[1m[22m[2m │ gzip:   4.11 kB[22m
2026-08-26T09:05:06.9134820Z [2mdist/[22m[2massets/[22m[36mperl-CdXCOZ3F.js          [39m[1m[2m    9.75 kB[22m[1m[22m[2m │ gzip:   3.46 kB[22m
2026-08-26T09:05:06.9136120Z [2mdist/[22m[2massets/[22m[36mgherkin-heZmZLOM.js       [39m[1m[2m   10.16 kB[22m[1m[22m[2m │ gzip:   5.09 kB[22m
2026-08-26T09:05:06.9137450Z [2mdist/[22m[2massets/[22m[36mclojure-BMjYHr_A.js       [39m[1m[2m   10.82 kB[22m[1m[22m[2m │ gzip:   3.99 kB[22m
2026-08-26T09:05:06.9138390Z [2mdist/[22m[2massets/[22m[36midl-BEugSyMb.js           [39m[1m[2m   11.63 kB[22m[1m[22m[2m │ gzip:   4.52 kB[22m
2026-08-26T09:05:06.9139230Z [2mdist/[22m[2massets/[22m[36mindex-CZ0cAgxc.js         [39m[1m[2m   12.68 kB[22m[1m[22m[2m │ gzip:   5.59 kB[22m
2026-08-26T09:05:06.9140140Z [2mdist/[22m[2massets/[22m[36mindex-CtqO1wDD.js         [39m[1m[2m   14.76 kB[22m[1m[22m[2m │ gzip:   5.96 kB[22m
2026-08-26T09:05:06.9141060Z [2mdist/[22m[2massets/[22m[36mindex-CBuYKXoW.js         [39m[1m[2m   16.22 kB[22m[1m[22m[2m │ gzip:   7.41 kB[22m
2026-08-26T09:05:06.9141950Z [2mdist/[22m[2massets/[22m[36mjavascript-iXu5QeM3.js    [39m[1m[2m   17.08 kB[22m[1m[22m[2m │ gzip:   5.75 kB[22m
2026-08-26T09:05:06.9142890Z [2mdist/[22m[2massets/[22m[36mindex-Cpnnn3K6.js         [39m[1m[2m   20.80 kB[22m[1m[22m[2m │ gzip:   9.30 kB[22m
2026-08-26T09:05:06.9143930Z [2mdist/[22m[2massets/[22m[36mindex-CkBcwPZU.js         [39m[1m[2m   21.08 kB[22m[1m[22m[2m │ gzip:   9.69 kB[22m
2026-08-26T09:05:06.9144860Z [2mdist/[22m[2massets/[22m[36mclike-B9uivgTg.js         [39m[1m[2m   22.30 kB[22m[1m[22m[2m │ gzip:   7.86 kB[22m
2026-08-26T09:05:06.9145740Z [2mdist/[22m[2massets/[22m[36mindex-xDPNXMK8.js         [39m[1m[2m   22.97 kB[22m[1m[22m[2m │ gzip:  10.35 kB[22m
2026-08-26T09:05:06.9146660Z [2mdist/[22m[2massets/[22m[36mstylus-B533Al4x.js        [39m[1m[2m   25.80 kB[22m[1m[22m[2m │ gzip:   8.60 kB[22m
2026-08-26T09:05:06.9147540Z [2mdist/[22m[2massets/[22m[36mcss-BnMrqG3P.js           [39m[1m[2m   27.13 kB[22m[1m[22m[2m │ gzip:   8.47 kB[22m
2026-08-26T09:05:06.9148540Z [2mdist/[22m[2massets/[22m[36mindex-BCXTO9qb.js         [39m[1m[2m   30.76 kB[22m[1m[22m[2m │ gzip:  12.63 kB[22m
2026-08-26T09:05:06.9149400Z [2mdist/[22m[2massets/[22m[36mindex-Dat1xfD3.js         [39m[1m[2m   32.29 kB[22m[1m[22m[2m │ gzip:  13.05 kB[22m
2026-08-26T09:05:06.9151470Z [2mdist/[22m[2massets/[22m[36msql-D0XecflT.js           [39m[1m[2m   37.05 kB[22m[1m[22m[2m │ gzip:  10.94 kB[22m
2026-08-26T09:05:06.9152480Z [2mdist/[22m[2massets/[22m[36mindex-DR9ejr-o.js         [39m[1m[2m   40.70 kB[22m[1m[22m[2m │ gzip:  16.73 kB[22m
2026-08-26T09:05:06.9153540Z [2mdist/[22m[2massets/[22m[36mindex-DY_NsJWs.js         [39m[1m[2m   45.07 kB[22m[1m[22m[2m │ gzip:  19.15 kB[22m
2026-08-26T09:05:06.9154500Z [2mdist/[22m[2massets/[22m[36mindex-Bl02j2Ng.js         [39m[1m[2m   70.78 kB[22m[1m[22m[2m │ gzip:  25.83 kB[22m
2026-08-26T09:05:06.9155560Z [2mdist/[22m[2massets/[22m[36mindex-CLi_y92y.js         [39m[1m[2m   97.73 kB[22m[1m[22m[2m │ gzip:  28.41 kB[22m
2026-08-26T09:05:06.9156600Z [2mdist/[22m[2massets/[22m[36mindex-C1iF5FQL.js         [39m[1m[2m  103.88 kB[22m[1m[22m[2m │ gzip:  34.36 kB[22m
2026-08-26T09:05:06.9158120Z [2mdist/[22m[2massets/[22m[36mindex-BQwtDams.js         [39m[1m[33m2,215.38 kB[39m[22m[2m │ gzip: 740.53 kB[22m
2026-08-26T09:05:06.9158770Z [32m✓ built in 8.47s[39m
2026-08-26T09:05:06.9819330Z ##[group]Run rm -rf web/dist && mkdir -p web/dist
2026-08-26T09:05:06.9819830Z [36;1mrm -rf web/dist && mkdir -p web/dist[0m
2026-08-26T09:05:06.9820070Z [36;1mcp -r frontend/dist/* web/dist/[0m
2026-08-26T09:05:06.9820560Z [36;1mLDFLAGS="-s -w -X main.version=${VERSION} -X main.buildTime=$(date -u +%Y-%m-%dT%H:%M:%SZ) -X main.commit=${GITHUB_SHA::8}"[0m
2026-08-26T09:05:06.9821050Z [36;1mNAME="knowtree-desktop-${VERSION}-macos-arm64"[0m
2026-08-26T09:05:06.9821400Z [36;1mif [ "macOS" = "Windows" ]; then[0m
2026-08-26T09:05:06.9821690Z [36;1m  CGO_ENABLED=0 go build -tags "desktop,production" -trimpath \[0m
2026-08-26T09:05:06.9822160Z [36;1m    -ldflags "$LDFLAGS -H windowsgui" -o "dist/$NAME" ./cmd/knowtree-desktop[0m
2026-08-26T09:05:06.9822480Z [36;1melse[0m
2026-08-26T09:05:06.9822770Z [36;1m  go build -tags "desktop,production" -trimpath \[0m
2026-08-26T09:05:06.9823310Z [36;1m    -ldflags "$LDFLAGS" -o "dist/$NAME" ./cmd/knowtree-desktop[0m
2026-08-26T09:05:06.9823680Z [36;1mfi[0m
2026-08-26T09:05:06.9950510Z shell: /bin/bash --noprofile --norc -e -o pipefail {0}
2026-08-26T09:05:06.9950820Z env:
2026-08-26T09:05:06.9951030Z   PNPM_HOME: /Users/runner/setup-pnpm/node_modules/.bin
2026-08-26T09:05:06.9951360Z   VERSION: v0.1.0
2026-08-26T09:05:06.9951590Z ##[endgroup]
2026-08-26T09:05:07.2365730Z go: downloading github.com/glebarez/sqlite v1.11.0
2026-08-26T09:05:07.2394680Z go: downloading github.com/wailsapp/wails/v2 v2.10.1
2026-08-26T09:05:08.1569850Z go: downloading gorm.io/gorm v1.31.2
2026-08-26T09:05:08.3324050Z go: downloading github.com/gin-gonic/gin v1.12.0
2026-08-26T09:05:08.3375430Z go: downloading github.com/google/uuid v1.6.0
2026-08-26T09:05:08.4749350Z go: downloading github.com/glebarez/go-sqlite v1.23.0
2026-08-26T09:05:08.4819530Z go: downloading github.com/pressly/goose/v3 v3.27.3
2026-08-26T09:05:08.4976040Z go: downloading modernc.org/sqlite v1.55.0
2026-08-26T09:05:08.8251770Z go: downloading github.com/jinzhu/now v1.1.5
2026-08-26T09:05:08.9228440Z go: downloading github.com/gin-contrib/sse v1.1.0
2026-08-26T09:05:08.9297420Z go: downloading github.com/mattn/go-isatty v0.0.23
2026-08-26T09:05:09.0271620Z go: downloading github.com/quic-go/quic-go v0.59.0
2026-08-26T09:05:09.0322830Z go: downloading golang.org/x/net v0.57.0
2026-08-26T09:05:09.5794650Z go: downloading github.com/jinzhu/inflection v1.0.0
2026-08-26T09:05:09.5854790Z go: downloading golang.org/x/text v0.40.0
2026-08-26T09:05:10.1922480Z go: downloading github.com/sethvargo/go-retry v0.4.0
2026-08-26T09:05:10.1923490Z go: downloading go.uber.org/multierr v1.11.0
2026-08-26T09:05:10.2952170Z go: downloading github.com/leaanthony/u v1.1.1
2026-08-26T09:05:10.3332670Z go: downloading golang.org/x/sys v0.47.0
2026-08-26T09:05:10.3889830Z go: downloading modernc.org/libc v1.74.3
2026-08-26T09:05:10.9512870Z go: downloading github.com/go-playground/validator/v10 v10.30.1
2026-08-26T09:05:11.0824470Z go: downloading github.com/goccy/go-yaml v1.19.2
2026-08-26T09:05:11.5275320Z go: downloading github.com/pelletier/go-toml/v2 v2.2.4
2026-08-26T09:05:11.6654610Z go: downloading github.com/ugorji/go/codec v1.3.1
2026-08-26T09:05:11.8104560Z go: downloading go.mongodb.org/mongo-driver/v2 v2.5.0
2026-08-26T09:05:12.1969280Z go: downloading google.golang.org/protobuf v1.36.11
2026-08-26T09:05:12.4848090Z go: downloading github.com/quic-go/qpack v0.6.0
2026-08-26T09:05:12.4887200Z go: downloading github.com/mfridman/interpolate v0.0.2
2026-08-26T09:05:12.6014670Z go: downloading golang.org/x/sync v0.22.0
2026-08-26T09:05:12.6089970Z go: downloading github.com/leaanthony/slicer v1.6.0
2026-08-26T09:05:12.7118530Z go: downloading github.com/gabriel-vasile/mimetype v1.4.12
2026-08-26T09:05:12.7129190Z go: downloading github.com/go-playground/universal-translator v0.18.1
2026-08-26T09:05:12.7428590Z go: downloading github.com/leodido/go-urn v1.4.0
2026-08-26T09:05:12.8219500Z go: downloading golang.org/x/crypto v0.54.0
2026-08-26T09:05:12.8603920Z go: downloading github.com/dustin/go-humanize v1.0.1
2026-08-26T09:05:12.9011380Z go: downloading github.com/ncruces/go-strftime v1.0.0
2026-08-26T09:05:12.9570250Z go: downloading modernc.org/mathutil v1.7.1
2026-08-26T09:05:13.0297190Z go: downloading modernc.org/memory v1.11.0
2026-08-26T09:05:13.1184290Z go: downloading github.com/pkg/errors v0.9.1
2026-08-26T09:05:13.1286090Z go: downloading github.com/samber/lo v1.49.1
2026-08-26T09:05:13.1549720Z go: downloading github.com/leaanthony/go-ansi-parser v1.6.1
2026-08-26T09:05:13.2230540Z go: downloading github.com/go-playground/locales v0.14.1
2026-08-26T09:05:13.2631930Z go: downloading github.com/remyoudompheng/bigfft v0.0.0-20230129092748-24d4a6f8daec
2026-08-26T09:05:13.2643620Z go: downloading github.com/tkrajina/go-reflector v0.5.8
2026-08-26T09:05:13.3627210Z go: downloading github.com/pkg/browser v0.0.0-20240102092130-5ac0b6a4141c
2026-08-26T09:05:13.3644930Z go: downloading github.com/rivo/uniseg v0.4.7
2026-08-26T09:05:13.4838590Z go: downloading github.com/wailsapp/mimetype v1.4.1
2026-08-26T09:06:16.3962660Z # github.com/nabin-qq273274877/knowtree/cmd/knowtree-desktop
2026-08-26T09:06:16.3964310Z /Users/runner/go/pkg/mod/golang.org/toolchain@v0.0.1-go1.25.7.darwin-arm64/pkg/tool/darwin_arm64/link: running clang failed: exit status 1
2026-08-26T09:06:16.3986070Z /usr/bin/clang -arch arm64 -Wl,-S -Wl,-x -o $WORK/b001/exe/a.out -Qunused-arguments /var/folders/g3/pffjr_y96bq06blnkf72x_hw0000gn/T/go-link-3234073494/go.o /var/folders/g3/pffjr_y96bq06blnkf72x_hw0000gn/T/go-link-3234073494/000000.o /var/folders/g3/pffjr_y96bq06blnkf72x_hw0000gn/T/go-link-3234073494/000001.o /var/folders/g3/pffjr_y96bq06blnkf72x_hw0000gn/T/go-link-3234073494/000002.o /var/folders/g3/pffjr_y96bq06blnkf72x_hw0000gn/T/go-link-3234073494/000003.o /var/folders/g3/pffjr_y96bq06blnkf72x_hw0000gn/T/go-link-3234073494/000004.o /var/folders/g3/pffjr_y96bq06blnkf72x_hw0000gn/T/go-link-3234073494/000005.o /var/folders/g3/pffjr_y96bq06blnkf72x_hw0000gn/T/go-link-3234073494/000006.o /var/folders/g3/pffjr_y96bq06blnkf72x_hw0000gn/T/go-link-3234073494/000007.o /var/folders/g3/pffjr_y96bq06blnkf72x_hw0000gn/T/go-link-3234073494/000008.o /var/folders/g3/pffjr_y96bq06blnkf72x_hw0000gn/T/go-link-3234073494/000009.o /var/folders/g3/pffjr_y96bq06blnkf72x_hw0000gn/T/go-link-3234073494/000010.o /var/folders/g3/pffjr_y96bq06blnkf72x_hw0000gn/T/go-link-3234073494/000011.o /var/folders/g3/pffjr_y96bq06blnkf72x_hw0000gn/T/go-link-3234073494/000012.o /var/folders/g3/pffjr_y96bq06blnkf72x_hw0000gn/T/go-link-3234073494/000013.o /var/folders/g3/pffjr_y96bq06blnkf72x_hw0000gn/T/go-link-3234073494/000014.o /var/folders/g3/pffjr_y96bq06blnkf72x_hw0000gn/T/go-link-3234073494/000015.o /var/folders/g3/pffjr_y96bq06blnkf72x_hw0000gn/T/go-link-3234073494/000016.o /var/folders/g3/pffjr_y96bq06blnkf72x_hw0000gn/T/go-link-3234073494/000017.o /var/folders/g3/pffjr_y96bq06blnkf72x_hw0000gn/T/go-link-3234073494/000018.o /var/folders/g3/pffjr_y96bq06blnkf72x_hw0000gn/T/go-link-3234073494/000019.o /var/folders/g3/pffjr_y96bq06blnkf72x_hw0000gn/T/go-link-3234073494/000020.o /var/folders/g3/pffjr_y96bq06blnkf72x_hw0000gn/T/go-link-3234073494/000021.o /var/folders/g3/pffjr_y96bq06blnkf72x_hw0000gn/T/go-link-3234073494/000022.o /var/folders/g3/pffjr_y96bq06blnkf72x_hw0000gn/T/go-link-3234073494/000023.o /var/folders/g3/pffjr_y96bq06blnkf72x_hw0000gn/T/go-link-3234073494/000024.o /var/folders/g3/pffjr_y96bq06blnkf72x_hw0000gn/T/go-link-3234073494/000025.o /var/folders/g3/pffjr_y96bq06blnkf72x_hw0000gn/T/go-link-3234073494/000026.o /var/folders/g3/pffjr_y96bq06blnkf72x_hw0000gn/T/go-link-3234073494/000027.o /var/folders/g3/pffjr_y96bq06blnkf72x_hw0000gn/T/go-link-3234073494/000028.o /var/folders/g3/pffjr_y96bq06blnkf72x_hw0000gn/T/go-link-3234073494/000029.o /var/folders/g3/pffjr_y96bq06blnkf72x_hw0000gn/T/go-link-3234073494/000030.o /var/folders/g3/pffjr_y96bq06blnkf72x_hw0000gn/T/go-link-3234073494/000031.o -lresolv -framework CoreFoundation -framework Security -O2 -g -framework Foundation -framework Cocoa -framework WebKit -framework Foundation -framework Cocoa -framework WebKit -framework Foundation -framework Cocoa -framework WebKit -framework Foundation -framework Cocoa -framework WebKit -framework Foundation -framework Cocoa -framework WebKit -framework Foundation -framework Cocoa -framework WebKit -framework AppKit -framework Foundation -framework Cocoa -framework Foundation -framework Cocoa -framework WebKit -lobjc -O2 -g -framework CoreFoundation -O2 -g -framework Foundation -framework WebKit -framework Foundation -framework WebKit
2026-08-26T09:06:16.4002980Z Undefined symbols for architecture arm64:
2026-08-26T09:06:16.4003560Z   "_OBJC_CLASS_$_UTType", referenced from:
2026-08-26T09:06:16.4004030Z        in 000014.o
2026-08-26T09:06:16.4004400Z ld: symbol(s) not found for architecture arm64
2026-08-26T09:06:16.4005050Z clang: error: linker command failed with exit code 1 (use -v to see invocation)
2026-08-26T09:06:16.4005460Z 
2026-08-26T09:06:16.5022800Z ##[error]Process completed with exit code 1.
2026-08-26T09:06:16.5216220Z Node 20 is being deprecated. This workflow is running with Node 24 by default. If you need to temporarily use Node 20, you can set the ACTIONS_ALLOW_USE_UNSECURE_NODE_VERSION=true environment variable. For more information see: https://github.blog/changelog/2025-09-19-deprecation-of-node-20-on-github-actions-runners/
2026-08-26T09:06:16.5217520Z Post job cleanup.
2026-08-26T09:06:16.9290100Z Pruning is unnecessary.
2026-08-26T09:06:16.9457210Z Node 20 is being deprecated. This workflow is running with Node 24 by default. If you need to temporarily use Node 20, you can set the ACTIONS_ALLOW_USE_UNSECURE_NODE_VERSION=true environment variable. For more information see: https://github.blog/changelog/2025-09-19-deprecation-of-node-20-on-github-actions-runners/
2026-08-26T09:06:16.9458390Z Post job cleanup.
2026-08-26T09:06:17.0613150Z [command]/opt/homebrew/bin/git version
2026-08-26T09:06:17.0872800Z git version 2.54.0
2026-08-26T09:06:17.0901600Z Copying '/Users/runner/.gitconfig' to '/Users/runner/work/_temp/5fd9e9d6-1a35-455e-afd1-d97b003bc62f/.gitconfig'
2026-08-26T09:06:17.0904240Z Temporarily overriding HOME='/Users/runner/work/_temp/5fd9e9d6-1a35-455e-afd1-d97b003bc62f' before making global git config changes
2026-08-26T09:06:17.0905130Z Adding repository directory to the temporary git global config as a safe directory
2026-08-26T09:06:17.0906580Z [command]/opt/homebrew/bin/git config --global --add safe.directory /Users/runner/work/knowtree/knowtree
2026-08-26T09:06:17.1033830Z [command]/opt/homebrew/bin/git config --local --name-only --get-regexp core\.sshCommand
2026-08-26T09:06:17.1127270Z [command]/opt/homebrew/bin/git submodule foreach --recursive sh -c "git config --local --name-only --get-regexp 'core\.sshCommand' && git config --local --unset-all 'core.sshCommand' || :"
2026-08-26T09:06:17.2110140Z [command]/opt/homebrew/bin/git config --local --name-only --get-regexp http\.https\:\/\/github\.com\/\.extraheader
2026-08-26T09:06:17.2163800Z http.https://github.com/.extraheader
2026-08-26T09:06:17.2172550Z [command]/opt/homebrew/bin/git config --local --unset-all http.https://github.com/.extraheader
2026-08-26T09:06:17.2267400Z [command]/opt/homebrew/bin/git submodule foreach --recursive sh -c "git config --local --name-only --get-regexp 'http\.https\:\/\/github\.com\/\.extraheader' && git config --local --unset-all 'http.https://github.com/.extraheader' || :"
2026-08-26T09:06:17.3032000Z [command]/opt/homebrew/bin/git config --local --name-only --get-regexp ^includeIf\.gitdir:
2026-08-26T09:06:17.3094410Z [command]/opt/homebrew/bin/git submodule foreach --recursive git config --local --show-origin --name-only --get-regexp remote.origin.url
2026-08-26T09:06:17.4279040Z Cleaning up orphan processes
2026-08-26T09:06:18.2141610Z ##[warning]Node.js 20 is deprecated. The following actions target Node.js 20 but are being forced to run on Node.js 24: actions/checkout@v4, actions/setup-go@v5, actions/setup-node@v4, pnpm/action-setup@v4. For more information see: https://github.blog/changelog/2025-09-19-deprecation-of-node-20-on-github-actions-runners/
